
      0,0     0,0
   +-------+-------+   +-------+-------+
   |   0   |   2   |   |   0   |   2   |
N1:|0     1|0     0| O:|0     1|0     0|
   |   3   |   2   |   |   3   |   2   |
   +-------+-------+   +-------+-------+
    (null)  (null) 
